Archive member included to satisfy reference by file (symbol)

./lib\libgcc.a(cmse_nonsecure_call.o)
                              ./main.o (__gnu_cmse_nonsecure_call)
./lib\libc.a(lib_a-impure.o)  ./main.o (_impure_ptr)
./lib\libc.a(lib_a-printf.o)  ./main.o (printf)
./lib\libc.a(lib_a-puts.o)    ./main.o (puts)
./lib\libc.a(lib_a-rget.o)    ./main.o (__srget_r)
./lib\libc.a(lib_a-scanf.o)   ./main.o (scanf)
./lib\libc.a(lib_a-strcpy.o)  ./main.o (strcpy)
./lib\libc.a(lib_a-strlen-stub.o)
                              ./lib\libc.a(lib_a-puts.o) (strlen)
./lib\libc.a(lib_a-findfp.o)  ./lib\libc.a(lib_a-puts.o) (__sinit)
./lib\libc.a(lib_a-fvwrite.o)
                              ./lib\libc.a(lib_a-puts.o) (__sfvwrite_r)
./lib\libc.a(lib_a-fwalk.o)   ./lib\libc.a(lib_a-findfp.o) (_fwalk_reent)
./lib\libc.a(lib_a-memchr-stub.o)
                              ./lib\libc.a(lib_a-fvwrite.o) (memchr)
./lib\libc.a(lib_a-memcpy-stub.o)
                              ./lib\libc.a(lib_a-fvwrite.o) (memcpy)
./lib\libc.a(lib_a-memmove.o)
                              ./lib\libc.a(lib_a-fvwrite.o) (memmove)
./lib\libc.a(lib_a-memset.o)  ./lib\libc.a(lib_a-findfp.o) (memset)
./lib\libc.a(lib_a-nano-freer.o)
                              ./lib\libc.a(lib_a-fvwrite.o) (_free_r)
./lib\libc.a(lib_a-nano-mallocr.o)
                              ./lib\libc.a(lib_a-findfp.o) (_malloc_r)
./lib\libc.a(lib_a-nano-reallocr.o)
                              ./lib\libc.a(lib_a-fvwrite.o) (_realloc_r)
./lib\libc.a(lib_a-nano-vfprintf.o)
                              ./lib\libc.a(lib_a-printf.o) (_vfprintf_r)
./lib\libc.a(lib_a-nano-vfprintf_i.o)
                              ./lib\libc.a(lib_a-nano-vfprintf.o) (_printf_i)
./lib\libc.a(lib_a-nano-vfscanf.o)
                              ./lib\libc.a(lib_a-scanf.o) (_vfscanf_r)
./lib\libc.a(lib_a-nano-vfscanf_i.o)
                              ./lib\libc.a(lib_a-nano-vfscanf.o) (_scanf_chars)
./lib\libc.a(lib_a-refill.o)  ./lib\libc.a(lib_a-rget.o) (__srefill_r)
./lib\libc.a(lib_a-sbrkr.o)   ./lib\libc.a(lib_a-nano-mallocr.o) (_sbrk_r)
./lib\libc.a(lib_a-sccl.o)    ./lib\libc.a(lib_a-nano-vfscanf.o) (__sccl)
./lib\libc.a(lib_a-stdio.o)   ./lib\libc.a(lib_a-findfp.o) (__sread)
./lib\libc.a(lib_a-strtol.o)  ./lib\libc.a(lib_a-nano-vfscanf_i.o) (_strtol_r)
./lib\libc.a(lib_a-strtoul.o)
                              ./lib\libc.a(lib_a-nano-vfscanf_i.o) (_strtoul_r)
./lib\libc.a(lib_a-ungetc.o)  ./lib\libc.a(lib_a-nano-vfscanf.o) (_ungetc_r)
./lib\libc.a(lib_a-wbuf.o)    ./lib\libc.a(lib_a-nano-vfprintf.o) (__swbuf_r)
./lib\libc.a(lib_a-writer.o)  ./lib\libc.a(lib_a-stdio.o) (_write_r)
./lib\libc.a(lib_a-wsetup.o)  ./lib\libc.a(lib_a-fvwrite.o) (__swsetup_r)
./lib\libc.a(lib_a-closer.o)  ./lib\libc.a(lib_a-stdio.o) (_close_r)
./lib\libc.a(lib_a-fclose.o)  ./lib\libc.a(lib_a-findfp.o) (_fclose_r)
./lib\libc.a(lib_a-fflush.o)  ./lib\libc.a(lib_a-refill.o) (__sflush_r)
./lib\libc.a(lib_a-fputwc.o)  ./lib\libc.a(lib_a-nano-vfprintf.o) (_fputwc_r)
./lib\libc.a(lib_a-locale.o)  ./lib\libc.a(lib_a-fputwc.o) (__locale_mb_cur_max)
./lib\libc.a(lib_a-lseekr.o)  ./lib\libc.a(lib_a-stdio.o) (_lseek_r)
./lib\libc.a(lib_a-makebuf.o)
                              ./lib\libc.a(lib_a-refill.o) (__smakebuf_r)
./lib\libc.a(lib_a-mbtowc_r.o)
                              ./lib\libc.a(lib_a-locale.o) (__ascii_mbtowc)
./lib\libc.a(lib_a-mlock.o)   ./lib\libc.a(lib_a-nano-freer.o) (__malloc_lock)
./lib\libc.a(lib_a-nano-msizer.o)
                              ./lib\libc.a(lib_a-nano-reallocr.o) (_malloc_usable_size_r)
./lib\libc.a(lib_a-readr.o)   ./lib\libc.a(lib_a-stdio.o) (_read_r)
./lib\libc.a(lib_a-reent.o)   ./lib\libc.a(lib_a-sbrkr.o) (errno)
./lib\libc.a(lib_a-strcmp.o)  ./lib\libc.a(lib_a-locale.o) (strcmp)
./lib\libc.a(lib_a-wcrtomb.o)
                              ./lib\libc.a(lib_a-fputwc.o) (_wcrtomb_r)
./lib\libc.a(lib_a-wctomb_r.o)
                              ./lib\libc.a(lib_a-locale.o) (__ascii_wctomb)
./lib\libc.a(lib_a-ctype_.o)  ./lib\libc.a(lib_a-locale.o) (_ctype_)
./lib\libc.a(lib_a-fstatr.o)  ./lib\libc.a(lib_a-makebuf.o) (_fstat_r)
./lib\libc.a(lib_a-isattyr.o)
                              ./lib\libc.a(lib_a-makebuf.o) (_isatty_r)
./lib\librdimon_nano.a(rdimon-syscalls.o)
                              ./lib\libc.a(lib_a-lseekr.o) (_lseek)
./lib\libc.a(lib_a-errno.o)   ./lib\librdimon_nano.a(rdimon-syscalls.o) (__errno)

Allocating common symbols
Common symbol       size              file

errno               0x4               ./lib\libc.a(lib_a-reent.o)
__stdin             0x68              ./retarget.o
tests1              0x4               ./main.o
__stdout            0x68              ./retarget.o
testc               0x1               ./main.o

Memory Configuration

Name             Origin             Length             Attributes
FLASH            0x00000000         0x00040000         xr
RAM              0x20000000         0x00010000         xrw
*default*        0x00000000         0xffffffff

Linker script and memory map

LOAD ./main.o
LOAD ./retarget.o
LOAD ./secureattrib.o
LOAD ./system_tc8234.o
                0x20010000                _estack = 0x20010000
LOAD startup.o
START GROUP
LOAD ./lib\libgcc.a
LOAD ./lib\libc.a
LOAD ./lib\librdimon_nano.a
END GROUP
                0x00000000                . = 0x0

.text           0x00000000     0x3c3c
 *(.isr_vector)
 .isr_vector    0x00000000       0x40 startup.o
                0x00000000                g_pfnVectors
 *(.text)
 .text          0x00000040      0x28c ./main.o
                0x00000040                __acle_se_Secure_LED_On
                0x00000064                __acle_se_Secure_LED_Off
                0x00000088                __acle_se_Secure_LED_On_callback
                0x000000a4                __acle_se_Secure_LED_Off_callback
                0x000000c0                __acle_se_GetSystemCoreClock
                0x000000d4                SysTick_Handler
                0x0000014c                Nonsecure_Init
                0x00000180                SYS_Init
                0x000001b8                UART0_Init
                0x000001cc                main
 .text          0x000002cc      0x164 ./retarget.o
                0x000002cc                Hard_Fault_Handler
                0x0000033c                SendChar_ToUART
                0x00000368                _write
                0x00000384                _read
                0x000003d4                SendChar
                0x000003dc                GetChar
                0x000003f4                kbhit
                0x00000404                IsDebugFifoEmpty
                0x00000414                _ttywrch
                0x0000041c                fputc
                0x00000428                fgetc
 .text          0x00000430      0x1fc ./secureattrib.o
                0x00000430                SecureAttrib
 .text          0x0000062c       0xdc ./system_tc8234.o
                0x0000062c                SystemCoreClockUpdate
                0x00000630                SystemInit
 .text          0x00000708       0x14 startup.o
 .text          0x0000071c       0x38 ./lib\libgcc.a(cmse_nonsecure_call.o)
                0x0000071c                __gnu_cmse_nonsecure_call
 .text          0x00000754        0x0 ./lib\libc.a(lib_a-impure.o)
 .text          0x00000754       0x40 ./lib\libc.a(lib_a-printf.o)
                0x00000754                _printf_r
                0x00000770                printf
 .text          0x00000794       0x80 ./lib\libc.a(lib_a-puts.o)
                0x00000794                _puts_r
                0x00000800                puts
 .text          0x00000814       0x48 ./lib\libc.a(lib_a-rget.o)
                0x00000814                __srget_r
                0x00000848                __srget
 .text          0x0000085c       0x40 ./lib\libc.a(lib_a-scanf.o)
                0x0000085c                scanf
                0x00000880                _scanf_r
 .text          0x0000089c       0x10 ./lib\libc.a(lib_a-strcpy.o)
                0x0000089c                strcpy
 .text          0x000008ac       0x64 ./lib\libc.a(lib_a-strlen-stub.o)
                0x000008ac                strlen
 .text          0x00000910      0x1e0 ./lib\libc.a(lib_a-findfp.o)
                0x00000910                _cleanup_r
                0x00000a14                __sfmoreglue
                0x00000a44                __sfp
                0x00000acc                _cleanup
                0x00000ae4                __sinit
 .text          0x00000af0      0x318 ./lib\libc.a(lib_a-fvwrite.o)
                0x00000af0                __sfvwrite_r
 .text          0x00000e08       0x90 ./lib\libc.a(lib_a-fwalk.o)
                0x00000e08                _fwalk
                0x00000e4c                _fwalk_reent
 .text          0x00000e98       0x88 ./lib\libc.a(lib_a-memchr-stub.o)
                0x00000e98                memchr
 .text          0x00000f20       0x80 ./lib\libc.a(lib_a-memcpy-stub.o)
                0x00000f20                memcpy
 .text          0x00000fa0       0x9c ./lib\libc.a(lib_a-memmove.o)
                0x00000fa0                memmove
 .text          0x0000103c       0x88 ./lib\libc.a(lib_a-memset.o)
                0x0000103c                memset
 .text          0x000010c4       0xa8 ./lib\libc.a(lib_a-nano-freer.o)
                0x000010c4                _free_r
 .text          0x0000116c       0xd8 ./lib\libc.a(lib_a-nano-mallocr.o)
                0x0000116c                _malloc_r
 .text          0x00001244       0x50 ./lib\libc.a(lib_a-nano-reallocr.o)
                0x00001244                _realloc_r
 .text          0x00001294      0x354 ./lib\libc.a(lib_a-nano-vfprintf.o)
                0x000012c0                __sfputs_r
                0x00001318                __sprint_r
                0x00001398                _vfiprintf_r
                0x00001398                _vfprintf_r
                0x000015d0                vfprintf
                0x000015d0                vfiprintf
 .text          0x000015e8      0x3d4 ./lib\libc.a(lib_a-nano-vfprintf_i.o)
                0x000015e8                _printf_common
                0x00001720                _printf_i
 .text          0x000019bc      0x37c ./lib\libc.a(lib_a-nano-vfscanf.o)
                0x000019bc                __svfscanf_r
                0x000019bc                __svfiscanf_r
                0x00001cd0                vfiscanf
                0x00001cd0                vfscanf
                0x00001cfc                __svfscanf
                0x00001d14                _vfscanf_r
                0x00001d14                _vfiscanf_r
 .text          0x00001d38      0x340 ./lib\libc.a(lib_a-nano-vfscanf_i.o)
                0x00001d38                _scanf_chars
                0x00001e30                _scanf_i
 .text          0x00002078      0x13c ./lib\libc.a(lib_a-refill.o)
                0x00002094                __srefill_r
 .text          0x000021b4       0x24 ./lib\libc.a(lib_a-sbrkr.o)
                0x000021b4                _sbrk_r
 .text          0x000021d8       0x6c ./lib\libc.a(lib_a-sccl.o)
                0x000021d8                __sccl
 .text          0x00002244       0xa0 ./lib\libc.a(lib_a-stdio.o)
                0x00002244                __sread
                0x0000226c                __seofread
                0x00002270                __swrite
                0x000022ac                __sseek
                0x000022d8                __sclose
 .text          0x000022e4      0x1a0 ./lib\libc.a(lib_a-strtol.o)
                0x00002414                _strtol_r
                0x00002438                strtol_l
                0x00002458                strtol
 .text          0x00002484      0x1ac ./lib\libc.a(lib_a-strtoul.o)
                0x000025c0                _strtoul_r
                0x000025e4                strtoul_l
                0x00002604                strtoul
 .text          0x00002630      0x174 ./lib\libc.a(lib_a-ungetc.o)
                0x00002630                __submore
                0x000026b0                _ungetc_r
                0x0000278c                ungetc
 .text          0x000027a4       0xcc ./lib\libc.a(lib_a-wbuf.o)
                0x000027a4                __swbuf_r
                0x00002858                __swbuf
 .text          0x00002870       0x28 ./lib\libc.a(lib_a-writer.o)
                0x00002870                _write_r
 .text          0x00002898       0xcc ./lib\libc.a(lib_a-wsetup.o)
                0x00002898                __swsetup_r
 .text          0x00002964       0x24 ./lib\libc.a(lib_a-closer.o)
                0x00002964                _close_r
 .text          0x00002988       0x8c ./lib\libc.a(lib_a-fclose.o)
                0x00002988                _fclose_r
                0x00002a00                fclose
 .text          0x00002a14      0x198 ./lib\libc.a(lib_a-fflush.o)
                0x00002a14                __sflush_r
                0x00002b60                _fflush_r
                0x00002b84                fflush
 .text          0x00002bac      0x100 ./lib\libc.a(lib_a-fputwc.o)
                0x00002bac                __fputwc
                0x00002c44                _fputwc_r
                0x00002c68                fputwc
 .text          0x00002cac       0x9c ./lib\libc.a(lib_a-locale.o)
                0x00002cac                _setlocale_r
                0x00002cf0                __locale_mb_cur_max
                0x00002d0c                __locale_ctype_ptr_l
                0x00002d14                __locale_ctype_ptr
                0x00002d30                setlocale
 .text          0x00002d48       0x28 ./lib\libc.a(lib_a-lseekr.o)
                0x00002d48                _lseek_r
 .text          0x00002d70       0xec ./lib\libc.a(lib_a-makebuf.o)
                0x00002d70                __swhatbuf_r
                0x00002dd0                __smakebuf_r
 .text          0x00002e5c       0x50 ./lib\libc.a(lib_a-mbtowc_r.o)
                0x00002e5c                _mbtowc_r
                0x00002e84                __ascii_mbtowc
 .text          0x00002eac        0x8 ./lib\libc.a(lib_a-mlock.o)
                0x00002eac                __malloc_lock
                0x00002eb0                __malloc_unlock
 .text          0x00002eb4       0x18 ./lib\libc.a(lib_a-nano-msizer.o)
                0x00002eb4                _malloc_usable_size_r
 .text          0x00002ecc       0x28 ./lib\libc.a(lib_a-readr.o)
                0x00002ecc                _read_r
 .text          0x00002ef4       0xa4 ./lib\libc.a(lib_a-reent.o)
                0x00002ef4                cleanup_glue
                0x00002f0c                _reclaim_reent
 .text          0x00002f98       0x88 ./lib\libc.a(lib_a-strcmp.o)
                0x00002f98                strcmp
 .text          0x00003020       0xa0 ./lib\libc.a(lib_a-wcrtomb.o)
                0x00003020                _wcrtomb_r
                0x00003070                wcrtomb
 .text          0x000030c0       0x3c ./lib\libc.a(lib_a-wctomb_r.o)
                0x000030c0                _wctomb_r
                0x000030e0                __ascii_wctomb
 .text          0x000030fc        0x0 ./lib\libc.a(lib_a-ctype_.o)
 .text          0x000030fc       0x28 ./lib\libc.a(lib_a-fstatr.o)
                0x000030fc                _fstat_r
 .text          0x00003124       0x24 ./lib\libc.a(lib_a-isattyr.o)
                0x00003124                _isatty_r
 .text          0x00003148        0x0 ./lib\librdimon_nano.a(rdimon-syscalls.o)
 .text          0x00003148        0xc ./lib\libc.a(lib_a-errno.o)
                0x00003148                __errno
 *(.text*)
 .text.Reset_Handler
                0x00003154       0x40 startup.o
                0x00003154                Reset_Handler
 .text.Default_Handler
                0x00003194        0x2 startup.o
                0x00003194                DebugMon_Handler
                0x00003194                HardFault_Handler
                0x00003194                PendSV_Handler
                0x00003194                NMI_Handler
                0x00003194                UsageFault_Handler
                0x00003194                Default_Handler
                0x00003194                MemManage_Handler
                0x00003194                SVC_Handler
                0x00003194                BusFault_Handler
 *fill*         0x00003196        0x2 
 .text.findslot
                0x00003198       0x30 ./lib\librdimon_nano.a(rdimon-syscalls.o)
 .text.checkerror
                0x000031c8       0x20 ./lib\librdimon_nano.a(rdimon-syscalls.o)
 .text.error    0x000031e8       0x1c ./lib\librdimon_nano.a(rdimon-syscalls.o)
 .text.initialise_monitor_handles
                0x00003204       0x98 ./lib\librdimon_nano.a(rdimon-syscalls.o)
                0x00003204                initialise_monitor_handles
 .text._swiread
                0x0000329c       0x20 ./lib\librdimon_nano.a(rdimon-syscalls.o)
                0x0000329c                _swiread
 .text._read    0x000032bc       0x36 ./lib\librdimon_nano.a(rdimon-syscalls.o)
 .text._swilseek
                0x000032f2       0x76 ./lib\librdimon_nano.a(rdimon-syscalls.o)
                0x000032f2                _swilseek
 .text._lseek   0x00003368        0x8 ./lib\librdimon_nano.a(rdimon-syscalls.o)
                0x00003368                _lseek
 .text._swiwrite
                0x00003370       0x20 ./lib\librdimon_nano.a(rdimon-syscalls.o)
                0x00003370                _swiwrite
 .text._write   0x00003390       0x40 ./lib\librdimon_nano.a(rdimon-syscalls.o)
 .text._swiclose
                0x000033d0       0x18 ./lib\librdimon_nano.a(rdimon-syscalls.o)
                0x000033d0                _swiclose
 .text._close   0x000033e8       0x48 ./lib\librdimon_nano.a(rdimon-syscalls.o)
                0x000033e8                _close
 .text._getpid  0x00003430        0x4 ./lib\librdimon_nano.a(rdimon-syscalls.o)
                0x00003430                _getpid
 .text._sbrk    0x00003434       0x48 ./lib\librdimon_nano.a(rdimon-syscalls.o)
                0x00003434                _sbrk
 .text._swistat
                0x0000347c       0x46 ./lib\librdimon_nano.a(rdimon-syscalls.o)
                0x0000347c                _swistat
 .text._fstat   0x000034c2       0x1a ./lib\librdimon_nano.a(rdimon-syscalls.o)
                0x000034c2                _fstat
 .text._stat    0x000034dc       0x3c ./lib\librdimon_nano.a(rdimon-syscalls.o)
                0x000034dc                _stat
 .text._swiopen
                0x00003518       0xb8 ./lib\librdimon_nano.a(rdimon-syscalls.o)
                0x00003518                _swiopen
 .text._open    0x000035d0       0x10 ./lib\librdimon_nano.a(rdimon-syscalls.o)
                0x000035d0                _open
 .text._link    0x000035e0       0x10 ./lib\librdimon_nano.a(rdimon-syscalls.o)
                0x000035e0                _link
 .text._unlink  0x000035f0       0x24 ./lib\librdimon_nano.a(rdimon-syscalls.o)
                0x000035f0                _unlink
 .text._gettimeofday
                0x00003614       0x22 ./lib\librdimon_nano.a(rdimon-syscalls.o)
                0x00003614                _gettimeofday
 .text._clock   0x00003636       0x12 ./lib\librdimon_nano.a(rdimon-syscalls.o)
                0x00003636                _clock
 .text._times   0x00003648       0x16 ./lib\librdimon_nano.a(rdimon-syscalls.o)
                0x00003648                _times
 .text._isatty  0x0000365e       0x3a ./lib\librdimon_nano.a(rdimon-syscalls.o)
                0x0000365e                _isatty
 .text._system  0x00003698       0x3a ./lib\librdimon_nano.a(rdimon-syscalls.o)
                0x00003698                _system
 .text._rename  0x000036d2       0x34 ./lib\librdimon_nano.a(rdimon-syscalls.o)
                0x000036d2                _rename
 *(.rodata)
 *fill*         0x00003706        0x2 
 .rodata        0x00003708       0x20 ./system_tc8234.o
                0x00003708                gau32ClkSrcTbl
 .rodata        0x00003728        0x4 ./lib\libc.a(lib_a-impure.o)
                0x00003728                _global_impure_ptr
 .rodata        0x0000372c      0x1e4 ./lib\libc.a(lib_a-nano-vfscanf.o)
 .rodata        0x00003910        0xc ./lib\libc.a(lib_a-nano-vfscanf_i.o)
 .rodata        0x0000391c      0x101 ./lib\libc.a(lib_a-ctype_.o)
                0x0000391c                _ctype_
 *(.rodata*)
 *fill*         0x00003a1d        0x3 
 .rodata.str1.4
                0x00003a20       0x82 ./main.o
 *fill*         0x00003aa2        0x2 
 .rodata.str1.4
                0x00003aa4       0x78 ./retarget.o
 .rodata.str1.4
                0x00003b1c       0xae ./secureattrib.o
 .rodata.str1.4
                0x00003bca       0xae ./lib\libc.a(lib_a-puts.o)
                                  0x2 (size before relaxing)
 *fill*         0x00003bca        0x2 
 .rodata.str1.4
                0x00003bcc       0x13 ./lib\libc.a(lib_a-nano-vfprintf.o)
 *fill*         0x00003bdf        0x1 
 .rodata.str1.4
                0x00003be0       0x25 ./lib\libc.a(lib_a-nano-vfprintf_i.o)
 .rodata.str1.4
                0x00003c05        0x4 ./lib\libc.a(lib_a-nano-vfscanf.o)
 *fill*         0x00003c05        0x3 
 .rodata.str1.4
                0x00003c08       0x1f ./lib\libc.a(lib_a-nano-vfscanf_i.o)
 *fill*         0x00003c27        0x1 
 .rodata.str1.4
                0x00003c28       0x10 ./lib\libc.a(lib_a-locale.o)
                                 0x12 (size before relaxing)
 .rodata.str1.1
                0x00003c38        0x4 ./lib\librdimon_nano.a(rdimon-syscalls.o)
 *(.init)
 *(.fini)
                0x00003c3c                . = ALIGN (0x4)
                0x00003c3c                _etext = .

.glue_7         0x00003c3c        0x0
 .glue_7        0x00003c3c        0x0 linker stubs

.glue_7t        0x00003c3c        0x0
 .glue_7t       0x00003c3c        0x0 linker stubs

.vfp11_veneer   0x00003c3c        0x0
 .vfp11_veneer  0x00003c3c        0x0 linker stubs

.v4_bx          0x00003c3c        0x0
 .v4_bx         0x00003c3c        0x0 linker stubs

.iplt           0x00003c3c        0x0
 .iplt          0x00003c3c        0x0 ./main.o

.rel.dyn        0x00003c3c        0x0
 .rel.iplt      0x00003c3c        0x0 ./main.o

.data           0x20000000      0x5a8 load address 0x00003c3c
                0x20000000                . = ALIGN (0x4)
                0x20000000                _sdata = .
 *(.data)
 .data          0x20000000       0x16 ./main.o
                0x20000000                tests2
                0x2000000c                tests3
 .data          0x20000016        0x0 ./retarget.o
 .data          0x20000016        0x0 ./secureattrib.o
 .data          0x20000016        0x0 ./system_tc8234.o
 .data          0x20000016        0x0 startup.o
 .data          0x20000016        0x0 ./lib\libgcc.a(cmse_nonsecure_call.o)
 *fill*         0x20000016        0x2 
 .data          0x20000018      0x420 ./lib\libc.a(lib_a-impure.o)
                0x20000018                _impure_ptr
 .data          0x20000438        0x0 ./lib\libc.a(lib_a-printf.o)
 .data          0x20000438        0x0 ./lib\libc.a(lib_a-puts.o)
 .data          0x20000438        0x0 ./lib\libc.a(lib_a-rget.o)
 .data          0x20000438        0x0 ./lib\libc.a(lib_a-scanf.o)
 .data          0x20000438        0x0 ./lib\libc.a(lib_a-strcpy.o)
 .data          0x20000438        0x0 ./lib\libc.a(lib_a-strlen-stub.o)
 .data          0x20000438        0x0 ./lib\libc.a(lib_a-findfp.o)
 .data          0x20000438        0x0 ./lib\libc.a(lib_a-fvwrite.o)
 .data          0x20000438        0x0 ./lib\libc.a(lib_a-fwalk.o)
 .data          0x20000438        0x0 ./lib\libc.a(lib_a-memchr-stub.o)
 .data          0x20000438        0x0 ./lib\libc.a(lib_a-memcpy-stub.o)
 .data          0x20000438        0x0 ./lib\libc.a(lib_a-memmove.o)
 .data          0x20000438        0x0 ./lib\libc.a(lib_a-memset.o)
 .data          0x20000438        0x0 ./lib\libc.a(lib_a-nano-freer.o)
 .data          0x20000438        0x0 ./lib\libc.a(lib_a-nano-mallocr.o)
 .data          0x20000438        0x0 ./lib\libc.a(lib_a-nano-reallocr.o)
 .data          0x20000438        0x0 ./lib\libc.a(lib_a-nano-vfprintf.o)
 .data          0x20000438        0x0 ./lib\libc.a(lib_a-nano-vfprintf_i.o)
 .data          0x20000438        0x0 ./lib\libc.a(lib_a-nano-vfscanf.o)
 .data          0x20000438        0x0 ./lib\libc.a(lib_a-nano-vfscanf_i.o)
 .data          0x20000438        0x0 ./lib\libc.a(lib_a-refill.o)
 .data          0x20000438        0x0 ./lib\libc.a(lib_a-sbrkr.o)
 .data          0x20000438        0x0 ./lib\libc.a(lib_a-sccl.o)
 .data          0x20000438        0x0 ./lib\libc.a(lib_a-stdio.o)
 .data          0x20000438        0x0 ./lib\libc.a(lib_a-strtol.o)
 .data          0x20000438        0x0 ./lib\libc.a(lib_a-strtoul.o)
 .data          0x20000438        0x0 ./lib\libc.a(lib_a-ungetc.o)
 .data          0x20000438        0x0 ./lib\libc.a(lib_a-wbuf.o)
 .data          0x20000438        0x0 ./lib\libc.a(lib_a-writer.o)
 .data          0x20000438        0x0 ./lib\libc.a(lib_a-wsetup.o)
 .data          0x20000438        0x0 ./lib\libc.a(lib_a-closer.o)
 .data          0x20000438        0x0 ./lib\libc.a(lib_a-fclose.o)
 .data          0x20000438        0x0 ./lib\libc.a(lib_a-fflush.o)
 .data          0x20000438        0x0 ./lib\libc.a(lib_a-fputwc.o)
 .data          0x20000438      0x16c ./lib\libc.a(lib_a-locale.o)
                0x20000438                __global_locale
 .data          0x200005a4        0x0 ./lib\libc.a(lib_a-lseekr.o)
 .data          0x200005a4        0x0 ./lib\libc.a(lib_a-makebuf.o)
 .data          0x200005a4        0x0 ./lib\libc.a(lib_a-mbtowc_r.o)
 .data          0x200005a4        0x0 ./lib\libc.a(lib_a-mlock.o)
 .data          0x200005a4        0x0 ./lib\libc.a(lib_a-nano-msizer.o)
 .data          0x200005a4        0x0 ./lib\libc.a(lib_a-readr.o)
 .data          0x200005a4        0x0 ./lib\libc.a(lib_a-reent.o)
 .data          0x200005a4        0x0 ./lib\libc.a(lib_a-strcmp.o)
 .data          0x200005a4        0x0 ./lib\libc.a(lib_a-wcrtomb.o)
 .data          0x200005a4        0x0 ./lib\libc.a(lib_a-wctomb_r.o)
 .data          0x200005a4        0x0 ./lib\libc.a(lib_a-ctype_.o)
 .data          0x200005a4        0x0 ./lib\libc.a(lib_a-fstatr.o)
 .data          0x200005a4        0x0 ./lib\libc.a(lib_a-isattyr.o)
 .data          0x200005a4        0x0 ./lib\librdimon_nano.a(rdimon-syscalls.o)
 .data          0x200005a4        0x0 ./lib\libc.a(lib_a-errno.o)
 *(.data*)
 .data.__heap_limit
                0x200005a4        0x4 ./lib\librdimon_nano.a(rdimon-syscalls.o)
                0x200005a4                __heap_limit
                0x200005a8                . = ALIGN (0x4)
                0x200005a8                _edata = .

.igot.plt       0x200005a8        0x0 load address 0x000041e4
 .igot.plt      0x200005a8        0x0 ./main.o

.gnu.sgstubs    0x0003f800       0x40
                0x0003f800                . = ALIGN (0x4)
 *(.text)
                0x0003f800                . = ALIGN (0x4)
 .gnu.sgstubs.__stub
                0x0003f800       0x28 linker stubs
                0x0003f800                Secure_LED_Off_callback
                0x0003f808                Secure_LED_Off
                0x0003f810                Secure_LED_On_callback
                0x0003f818                Secure_LED_On
                0x0003f820                GetSystemCoreClock
                0x0003f828                _sidata = .
                0x0003f828                . = ALIGN (0x4)

.bss            0x200005a8      0x49c
                0x200005a8                _sbss = .
                0x200005a8                __bss_start__ = _sbss
 *(.bss)
 .bss           0x200005a8        0xc ./main.o
                0x200005a8                pfNonSecure_LED_On
                0x200005ac                pfNonSecure_LED_Off
 .bss           0x200005b4        0x0 ./retarget.o
 .bss           0x200005b4      0x2f8 ./secureattrib.o
                0x200005b4                idau_ref
 .bss           0x200008ac        0x0 ./system_tc8234.o
 .bss           0x200008ac        0x0 startup.o
 .bss           0x200008ac        0x0 ./lib\libgcc.a(cmse_nonsecure_call.o)
 .bss           0x200008ac        0x0 ./lib\libc.a(lib_a-impure.o)
 .bss           0x200008ac        0x0 ./lib\libc.a(lib_a-printf.o)
 .bss           0x200008ac        0x0 ./lib\libc.a(lib_a-puts.o)
 .bss           0x200008ac        0x0 ./lib\libc.a(lib_a-rget.o)
 .bss           0x200008ac        0x0 ./lib\libc.a(lib_a-scanf.o)
 .bss           0x200008ac        0x0 ./lib\libc.a(lib_a-strcpy.o)
 .bss           0x200008ac        0x0 ./lib\libc.a(lib_a-strlen-stub.o)
 .bss           0x200008ac        0x0 ./lib\libc.a(lib_a-findfp.o)
 .bss           0x200008ac        0x0 ./lib\libc.a(lib_a-fvwrite.o)
 .bss           0x200008ac        0x0 ./lib\libc.a(lib_a-fwalk.o)
 .bss           0x200008ac        0x0 ./lib\libc.a(lib_a-memchr-stub.o)
 .bss           0x200008ac        0x0 ./lib\libc.a(lib_a-memcpy-stub.o)
 .bss           0x200008ac        0x0 ./lib\libc.a(lib_a-memmove.o)
 .bss           0x200008ac        0x0 ./lib\libc.a(lib_a-memset.o)
 .bss           0x200008ac        0x0 ./lib\libc.a(lib_a-nano-freer.o)
 .bss           0x200008ac        0x8 ./lib\libc.a(lib_a-nano-mallocr.o)
                0x200008ac                __malloc_free_list
                0x200008b0                __malloc_sbrk_start
 .bss           0x200008b4        0x0 ./lib\libc.a(lib_a-nano-reallocr.o)
 .bss           0x200008b4        0x0 ./lib\libc.a(lib_a-nano-vfprintf.o)
 .bss           0x200008b4        0x0 ./lib\libc.a(lib_a-nano-vfprintf_i.o)
 .bss           0x200008b4        0x0 ./lib\libc.a(lib_a-nano-vfscanf.o)
 .bss           0x200008b4        0x0 ./lib\libc.a(lib_a-nano-vfscanf_i.o)
 .bss           0x200008b4        0x0 ./lib\libc.a(lib_a-refill.o)
 .bss           0x200008b4        0x0 ./lib\libc.a(lib_a-sbrkr.o)
 .bss           0x200008b4        0x0 ./lib\libc.a(lib_a-sccl.o)
 .bss           0x200008b4        0x0 ./lib\libc.a(lib_a-stdio.o)
 .bss           0x200008b4        0x0 ./lib\libc.a(lib_a-strtol.o)
 .bss           0x200008b4        0x0 ./lib\libc.a(lib_a-strtoul.o)
 .bss           0x200008b4        0x0 ./lib\libc.a(lib_a-ungetc.o)
 .bss           0x200008b4        0x0 ./lib\libc.a(lib_a-wbuf.o)
 .bss           0x200008b4        0x0 ./lib\libc.a(lib_a-writer.o)
 .bss           0x200008b4        0x0 ./lib\libc.a(lib_a-wsetup.o)
 .bss           0x200008b4        0x0 ./lib\libc.a(lib_a-closer.o)
 .bss           0x200008b4        0x0 ./lib\libc.a(lib_a-fclose.o)
 .bss           0x200008b4        0x0 ./lib\libc.a(lib_a-fflush.o)
 .bss           0x200008b4        0x0 ./lib\libc.a(lib_a-fputwc.o)
 .bss           0x200008b4        0x4 ./lib\libc.a(lib_a-locale.o)
                0x200008b4                _PathLocale
 .bss           0x200008b8        0x0 ./lib\libc.a(lib_a-lseekr.o)
 .bss           0x200008b8        0x0 ./lib\libc.a(lib_a-makebuf.o)
 .bss           0x200008b8        0x0 ./lib\libc.a(lib_a-mbtowc_r.o)
 .bss           0x200008b8        0x0 ./lib\libc.a(lib_a-mlock.o)
 .bss           0x200008b8        0x0 ./lib\libc.a(lib_a-nano-msizer.o)
 .bss           0x200008b8        0x0 ./lib\libc.a(lib_a-readr.o)
 .bss           0x200008b8        0x0 ./lib\libc.a(lib_a-reent.o)
 .bss           0x200008b8        0x0 ./lib\libc.a(lib_a-strcmp.o)
 .bss           0x200008b8        0x0 ./lib\libc.a(lib_a-wcrtomb.o)
 .bss           0x200008b8        0x0 ./lib\libc.a(lib_a-wctomb_r.o)
 .bss           0x200008b8        0x0 ./lib\libc.a(lib_a-ctype_.o)
 .bss           0x200008b8        0x0 ./lib\libc.a(lib_a-fstatr.o)
 .bss           0x200008b8        0x0 ./lib\libc.a(lib_a-isattyr.o)
 .bss           0x200008b8        0x0 ./lib\librdimon_nano.a(rdimon-syscalls.o)
 .bss           0x200008b8        0x0 ./lib\libc.a(lib_a-errno.o)
 *(.bss*)
 .bss.monitor_stdout
                0x200008b8        0x4 ./lib\librdimon_nano.a(rdimon-syscalls.o)
 .bss.monitor_stdin
                0x200008bc        0x4 ./lib\librdimon_nano.a(rdimon-syscalls.o)
 .bss.heap_end.6209
                0x200008c0        0x4 ./lib\librdimon_nano.a(rdimon-syscalls.o)
 .bss.monitor_stderr
                0x200008c4        0x4 ./lib\librdimon_nano.a(rdimon-syscalls.o)
 .bss.openfiles
                0x200008c8       0xa0 ./lib\librdimon_nano.a(rdimon-syscalls.o)
 *(COMMON)
 COMMON         0x20000968        0x5 ./main.o
                0x20000968                tests1
                0x2000096c                testc
 *fill*         0x2000096d        0x3 
 COMMON         0x20000970       0xd0 ./retarget.o
                0x20000970                __stdin
                0x200009d8                __stdout
 COMMON         0x20000a40        0x4 ./lib\libc.a(lib_a-reent.o)
                0x20000a40                errno
                0x20000a44                . = ALIGN (0x4)
                0x20000a44                _ebss = .
                0x20000a44                __bss_end__ = _ebss

.heap           0x20000a48      0xc00
                0x20000a48                __end__ = .
                0x20000a48                PROVIDE (end, .)
 *(.heap*)
 .heap          0x20000a48      0xc00 startup.o
                0x20000a48                __HeapBase
                0x20001648                . = ALIGN (0x4)
                0x20001648                __HeapLimit = .

.stack_dummy    0x20000a48      0xc00
 *(.stack*)
 .stack         0x20000a48      0xc00 startup.o
                0x20010000                __StackTop = (ORIGIN (RAM) + LENGTH (RAM))
                0x2000f400                __StackLimit = (__StackTop - SIZEOF (.stack_dummy))
                [!provide]                PROVIDE (__stack, __StackTop)
                0x00000001                ASSERT ((__StackLimit >= __HeapLimit), region RAM overflowed with stack)
OUTPUT(./tz_gcc.elf elf32-littlearm)

.debug_info     0x00000000    0x23400
 .debug_info    0x00000000     0x1888 ./main.o
 .debug_info    0x00001888      0xd61 ./retarget.o
 .debug_info    0x000025e9      0x38a ./secureattrib.o
 .debug_info    0x00002973      0x706 ./system_tc8234.o
 .debug_info    0x00003079       0x61 startup.o
 .debug_info    0x000030da      0x884 ./lib\libc.a(lib_a-impure.o)
 .debug_info    0x0000395e      0x976 ./lib\libc.a(lib_a-printf.o)
 .debug_info    0x000042d4      0xa1c ./lib\libc.a(lib_a-puts.o)
 .debug_info    0x00004cf0      0x92e ./lib\libc.a(lib_a-rget.o)
 .debug_info    0x0000561e      0x976 ./lib\libc.a(lib_a-scanf.o)
 .debug_info    0x00005f94       0xc4 ./lib\libc.a(lib_a-strcpy.o)
 .debug_info    0x00006058       0xe4 ./lib\libc.a(lib_a-strlen-stub.o)
 .debug_info    0x0000613c      0xc3f ./lib\libc.a(lib_a-findfp.o)
 .debug_info    0x00006d7b      0xbbf ./lib\libc.a(lib_a-fvwrite.o)
 .debug_info    0x0000793a      0x98e ./lib\libc.a(lib_a-fwalk.o)
 .debug_info    0x000082c8      0x132 ./lib\libc.a(lib_a-memchr-stub.o)
 .debug_info    0x000083fa      0x142 ./lib\libc.a(lib_a-memcpy-stub.o)
 .debug_info    0x0000853c      0xdd0 ./lib\libc.a(lib_a-memmove.o)
 .debug_info    0x0000930c      0xdc1 ./lib\libc.a(lib_a-memset.o)
 .debug_info    0x0000a0cd      0xa1e ./lib\libc.a(lib_a-nano-freer.o)
 .debug_info    0x0000aaeb      0xabc ./lib\libc.a(lib_a-nano-mallocr.o)
 .debug_info    0x0000b5a7      0x9be ./lib\libc.a(lib_a-nano-reallocr.o)
 .debug_info    0x0000bf65     0x13dc ./lib\libc.a(lib_a-nano-vfprintf.o)
 .debug_info    0x0000d341     0x1155 ./lib\libc.a(lib_a-nano-vfprintf_i.o)
 .debug_info    0x0000e496     0x1296 ./lib\libc.a(lib_a-nano-vfscanf.o)
 .debug_info    0x0000f72c     0x10bf ./lib\libc.a(lib_a-nano-vfscanf_i.o)
 .debug_info    0x000107eb      0x9ef ./lib\libc.a(lib_a-refill.o)
 .debug_info    0x000111da      0x8de ./lib\libc.a(lib_a-sbrkr.o)
 .debug_info    0x00011ab8      0x102 ./lib\libc.a(lib_a-sccl.o)
 .debug_info    0x00011bba      0xb11 ./lib\libc.a(lib_a-stdio.o)
 .debug_info    0x000126cb     0x1026 ./lib\libc.a(lib_a-strtol.o)
 .debug_info    0x000136f1     0x1026 ./lib\libc.a(lib_a-strtoul.o)
 .debug_info    0x00014717      0xa93 ./lib\libc.a(lib_a-ungetc.o)
 .debug_info    0x000151aa      0x99c ./lib\libc.a(lib_a-wbuf.o)
 .debug_info    0x00015b46      0x91d ./lib\libc.a(lib_a-writer.o)
 .debug_info    0x00016463      0x914 ./lib\libc.a(lib_a-wsetup.o)
 .debug_info    0x00016d77      0x8d4 ./lib\libc.a(lib_a-closer.o)
 .debug_info    0x0001764b      0x9d7 ./lib\libc.a(lib_a-fclose.o)
 .debug_info    0x00018022      0xa7c ./lib\libc.a(lib_a-fflush.o)
 .debug_info    0x00018a9e      0xb15 ./lib\libc.a(lib_a-fputwc.o)
 .debug_info    0x000195b3      0xf40 ./lib\libc.a(lib_a-locale.o)
 .debug_info    0x0001a4f3      0x900 ./lib\libc.a(lib_a-lseekr.o)
 .debug_info    0x0001adf3      0xc01 ./lib\libc.a(lib_a-makebuf.o)
 .debug_info    0x0001b9f4      0xe5d ./lib\libc.a(lib_a-mbtowc_r.o)
 .debug_info    0x0001c851      0x881 ./lib\libc.a(lib_a-mlock.o)
 .debug_info    0x0001d0d2      0x8fd ./lib\libc.a(lib_a-nano-msizer.o)
 .debug_info    0x0001d9cf      0x916 ./lib\libc.a(lib_a-readr.o)
 .debug_info    0x0001e2e5      0x9e2 ./lib\libc.a(lib_a-reent.o)
 .debug_info    0x0001ecc7       0xab ./lib\libc.a(lib_a-strcmp.o)
 .debug_info    0x0001ed72      0xf13 ./lib\libc.a(lib_a-wcrtomb.o)
 .debug_info    0x0001fc85      0xe23 ./lib\libc.a(lib_a-wctomb_r.o)
 .debug_info    0x00020aa8      0xd56 ./lib\libc.a(lib_a-ctype_.o)
 .debug_info    0x000217fe      0xab5 ./lib\libc.a(lib_a-fstatr.o)
 .debug_info    0x000222b3      0x8d4 ./lib\libc.a(lib_a-isattyr.o)
 .debug_info    0x00022b87      0x879 ./lib\libc.a(lib_a-errno.o)

.debug_abbrev   0x00000000     0x6f35
 .debug_abbrev  0x00000000      0x38e ./main.o
 .debug_abbrev  0x0000038e      0x326 ./retarget.o
 .debug_abbrev  0x000006b4      0x1c6 ./secureattrib.o
 .debug_abbrev  0x0000087a      0x115 ./system_tc8234.o
 .debug_abbrev  0x0000098f       0x12 startup.o
 .debug_abbrev  0x000009a1      0x189 ./lib\libc.a(lib_a-impure.o)
 .debug_abbrev  0x00000b2a      0x233 ./lib\libc.a(lib_a-printf.o)
 .debug_abbrev  0x00000d5d      0x235 ./lib\libc.a(lib_a-puts.o)
 .debug_abbrev  0x00000f92      0x210 ./lib\libc.a(lib_a-rget.o)
 .debug_abbrev  0x000011a2      0x233 ./lib\libc.a(lib_a-scanf.o)
 .debug_abbrev  0x000013d5       0x72 ./lib\libc.a(lib_a-strcpy.o)
 .debug_abbrev  0x00001447       0x81 ./lib\libc.a(lib_a-strlen-stub.o)
 .debug_abbrev  0x000014c8      0x2e6 ./lib\libc.a(lib_a-findfp.o)
 .debug_abbrev  0x000017ae      0x225 ./lib\libc.a(lib_a-fvwrite.o)
 .debug_abbrev  0x000019d3      0x1cb ./lib\libc.a(lib_a-fwalk.o)
 .debug_abbrev  0x00001b9e       0xab ./lib\libc.a(lib_a-memchr-stub.o)
 .debug_abbrev  0x00001c49       0xb2 ./lib\libc.a(lib_a-memcpy-stub.o)
 .debug_abbrev  0x00001cfb      0x1e3 ./lib\libc.a(lib_a-memmove.o)
 .debug_abbrev  0x00001ede      0x1de ./lib\libc.a(lib_a-memset.o)
 .debug_abbrev  0x000020bc      0x27d ./lib\libc.a(lib_a-nano-freer.o)
 .debug_abbrev  0x00002339      0x2de ./lib\libc.a(lib_a-nano-mallocr.o)
 .debug_abbrev  0x00002617      0x203 ./lib\libc.a(lib_a-nano-reallocr.o)
 .debug_abbrev  0x0000281a      0x332 ./lib\libc.a(lib_a-nano-vfprintf.o)
 .debug_abbrev  0x00002b4c      0x28c ./lib\libc.a(lib_a-nano-vfprintf_i.o)
 .debug_abbrev  0x00002dd8      0x2dc ./lib\libc.a(lib_a-nano-vfscanf.o)
 .debug_abbrev  0x000030b4      0x270 ./lib\libc.a(lib_a-nano-vfscanf_i.o)
 .debug_abbrev  0x00003324      0x245 ./lib\libc.a(lib_a-refill.o)
 .debug_abbrev  0x00003569      0x204 ./lib\libc.a(lib_a-sbrkr.o)
 .debug_abbrev  0x0000376d       0x87 ./lib\libc.a(lib_a-sccl.o)
 .debug_abbrev  0x000037f4      0x218 ./lib\libc.a(lib_a-stdio.o)
 .debug_abbrev  0x00003a0c      0x2a0 ./lib\libc.a(lib_a-strtol.o)
 .debug_abbrev  0x00003cac      0x2a0 ./lib\libc.a(lib_a-strtoul.o)
 .debug_abbrev  0x00003f4c      0x2b1 ./lib\libc.a(lib_a-ungetc.o)
 .debug_abbrev  0x000041fd      0x23d ./lib\libc.a(lib_a-wbuf.o)
 .debug_abbrev  0x0000443a      0x204 ./lib\libc.a(lib_a-writer.o)
 .debug_abbrev  0x0000463e      0x212 ./lib\libc.a(lib_a-wsetup.o)
 .debug_abbrev  0x00004850      0x1ff ./lib\libc.a(lib_a-closer.o)
 .debug_abbrev  0x00004a4f      0x28e ./lib\libc.a(lib_a-fclose.o)
 .debug_abbrev  0x00004cdd      0x293 ./lib\libc.a(lib_a-fflush.o)
 .debug_abbrev  0x00004f70      0x2cc ./lib\libc.a(lib_a-fputwc.o)
 .debug_abbrev  0x0000523c      0x291 ./lib\libc.a(lib_a-locale.o)
 .debug_abbrev  0x000054cd      0x20e ./lib\libc.a(lib_a-lseekr.o)
 .debug_abbrev  0x000056db      0x2a3 ./lib\libc.a(lib_a-makebuf.o)
 .debug_abbrev  0x0000597e      0x24c ./lib\libc.a(lib_a-mbtowc_r.o)
 .debug_abbrev  0x00005bca      0x1a4 ./lib\libc.a(lib_a-mlock.o)
 .debug_abbrev  0x00005d6e      0x1c5 ./lib\libc.a(lib_a-nano-msizer.o)
 .debug_abbrev  0x00005f33      0x1ff ./lib\libc.a(lib_a-readr.o)
 .debug_abbrev  0x00006132      0x257 ./lib\libc.a(lib_a-reent.o)
 .debug_abbrev  0x00006389       0x14 ./lib\libc.a(lib_a-strcmp.o)
 .debug_abbrev  0x0000639d      0x22d ./lib\libc.a(lib_a-wcrtomb.o)
 .debug_abbrev  0x000065ca      0x22a ./lib\libc.a(lib_a-wctomb_r.o)
 .debug_abbrev  0x000067f4      0x19c ./lib\libc.a(lib_a-ctype_.o)
 .debug_abbrev  0x00006990      0x20e ./lib\libc.a(lib_a-fstatr.o)
 .debug_abbrev  0x00006b9e      0x1ff ./lib\libc.a(lib_a-isattyr.o)
 .debug_abbrev  0x00006d9d      0x198 ./lib\libc.a(lib_a-errno.o)

.debug_loc      0x00000000     0x66e3
 .debug_loc     0x00000000      0x182 ./main.o
 .debug_loc     0x00000182      0x353 ./retarget.o
 .debug_loc     0x000004d5      0x145 ./secureattrib.o
 .debug_loc     0x0000061a       0x20 ./system_tc8234.o
 .debug_loc     0x0000063a       0x34 ./lib\libc.a(lib_a-printf.o)
 .debug_loc     0x0000066e      0x13f ./lib\libc.a(lib_a-puts.o)
 .debug_loc     0x000007ad       0xf2 ./lib\libc.a(lib_a-rget.o)
 .debug_loc     0x0000089f       0x34 ./lib\libc.a(lib_a-scanf.o)
 .debug_loc     0x000008d3       0x21 ./lib\libc.a(lib_a-strcpy.o)
 .debug_loc     0x000008f4       0x8f ./lib\libc.a(lib_a-strlen-stub.o)
 .debug_loc     0x00000983      0x302 ./lib\libc.a(lib_a-findfp.o)
 .debug_loc     0x00000c85      0x605 ./lib\libc.a(lib_a-fvwrite.o)
 .debug_loc     0x0000128a      0x19f ./lib\libc.a(lib_a-fwalk.o)
 .debug_loc     0x00001429      0x1db ./lib\libc.a(lib_a-memchr-stub.o)
 .debug_loc     0x00001604      0x354 ./lib\libc.a(lib_a-memcpy-stub.o)
 .debug_loc     0x00001958      0x3ec ./lib\libc.a(lib_a-memmove.o)
 .debug_loc     0x00001d44      0x1d0 ./lib\libc.a(lib_a-memset.o)
 .debug_loc     0x00001f14      0x15a ./lib\libc.a(lib_a-nano-freer.o)
 .debug_loc     0x0000206e      0x24d ./lib\libc.a(lib_a-nano-mallocr.o)
 .debug_loc     0x000022bb      0x195 ./lib\libc.a(lib_a-nano-reallocr.o)
 .debug_loc     0x00002450      0x784 ./lib\libc.a(lib_a-nano-vfprintf.o)
 .debug_loc     0x00002bd4      0x6fa ./lib\libc.a(lib_a-nano-vfprintf_i.o)
 .debug_loc     0x000032ce      0x444 ./lib\libc.a(lib_a-nano-vfscanf.o)
 .debug_loc     0x00003712      0x4b3 ./lib\libc.a(lib_a-nano-vfscanf_i.o)
 .debug_loc     0x00003bc5      0x198 ./lib\libc.a(lib_a-refill.o)
 .debug_loc     0x00003d5d       0x58 ./lib\libc.a(lib_a-sbrkr.o)
 .debug_loc     0x00003db5      0x1f7 ./lib\libc.a(lib_a-sccl.o)
 .debug_loc     0x00003fac      0x302 ./lib\libc.a(lib_a-stdio.o)
 .debug_loc     0x000042ae      0x563 ./lib\libc.a(lib_a-strtol.o)
 .debug_loc     0x00004811      0x4fc ./lib\libc.a(lib_a-strtoul.o)
 .debug_loc     0x00004d0d      0x2f9 ./lib\libc.a(lib_a-ungetc.o)
 .debug_loc     0x00005006      0x1b2 ./lib\libc.a(lib_a-wbuf.o)
 .debug_loc     0x000051b8       0xb0 ./lib\libc.a(lib_a-writer.o)
 .debug_loc     0x00005268       0xa2 ./lib\libc.a(lib_a-wsetup.o)
 .debug_loc     0x0000530a       0x58 ./lib\libc.a(lib_a-closer.o)
 .debug_loc     0x00005362      0x175 ./lib\libc.a(lib_a-fclose.o)
 .debug_loc     0x000054d7      0x2ec ./lib\libc.a(lib_a-fflush.o)
 .debug_loc     0x000057c3      0x2b2 ./lib\libc.a(lib_a-fputwc.o)
 .debug_loc     0x00005a75      0x152 ./lib\libc.a(lib_a-locale.o)
 .debug_loc     0x00005bc7       0xb0 ./lib\libc.a(lib_a-lseekr.o)
 .debug_loc     0x00005c77      0x19d ./lib\libc.a(lib_a-makebuf.o)
 .debug_loc     0x00005e14      0x179 ./lib\libc.a(lib_a-mbtowc_r.o)
 .debug_loc     0x00005f8d       0xf4 ./lib\libc.a(lib_a-nano-msizer.o)
 .debug_loc     0x00006081       0xb0 ./lib\libc.a(lib_a-readr.o)
 .debug_loc     0x00006131       0xfc ./lib\libc.a(lib_a-reent.o)
 .debug_loc     0x0000622d      0x29d ./lib\libc.a(lib_a-wcrtomb.o)
 .debug_loc     0x000064ca      0x13d ./lib\libc.a(lib_a-wctomb_r.o)
 .debug_loc     0x00006607       0x84 ./lib\libc.a(lib_a-fstatr.o)
 .debug_loc     0x0000668b       0x58 ./lib\libc.a(lib_a-isattyr.o)

.debug_aranges  0x00000000      0x6d8
 .debug_aranges
                0x00000000       0x20 ./main.o
 .debug_aranges
                0x00000020       0x20 ./retarget.o
 .debug_aranges
                0x00000040       0x20 ./secureattrib.o
 .debug_aranges
                0x00000060       0x20 ./system_tc8234.o
 .debug_aranges
                0x00000080       0x28 startup.o
 .debug_aranges
                0x000000a8       0x18 ./lib\libc.a(lib_a-impure.o)
 .debug_aranges
                0x000000c0       0x20 ./lib\libc.a(lib_a-printf.o)
 .debug_aranges
                0x000000e0       0x20 ./lib\libc.a(lib_a-puts.o)
 .debug_aranges
                0x00000100       0x20 ./lib\libc.a(lib_a-rget.o)
 .debug_aranges
                0x00000120       0x20 ./lib\libc.a(lib_a-scanf.o)
 .debug_aranges
                0x00000140       0x20 ./lib\libc.a(lib_a-strcpy.o)
 .debug_aranges
                0x00000160       0x20 ./lib\libc.a(lib_a-strlen-stub.o)
 .debug_aranges
                0x00000180       0x20 ./lib\libc.a(lib_a-findfp.o)
 .debug_aranges
                0x000001a0       0x20 ./lib\libc.a(lib_a-fvwrite.o)
 .debug_aranges
                0x000001c0       0x20 ./lib\libc.a(lib_a-fwalk.o)
 .debug_aranges
                0x000001e0       0x20 ./lib\libc.a(lib_a-memchr-stub.o)
 .debug_aranges
                0x00000200       0x20 ./lib\libc.a(lib_a-memcpy-stub.o)
 .debug_aranges
                0x00000220       0x20 ./lib\libc.a(lib_a-memmove.o)
 .debug_aranges
                0x00000240       0x20 ./lib\libc.a(lib_a-memset.o)
 .debug_aranges
                0x00000260       0x20 ./lib\libc.a(lib_a-nano-freer.o)
 .debug_aranges
                0x00000280       0x20 ./lib\libc.a(lib_a-nano-mallocr.o)
 .debug_aranges
                0x000002a0       0x20 ./lib\libc.a(lib_a-nano-reallocr.o)
 .debug_aranges
                0x000002c0       0x20 ./lib\libc.a(lib_a-nano-vfprintf.o)
 .debug_aranges
                0x000002e0       0x20 ./lib\libc.a(lib_a-nano-vfprintf_i.o)
 .debug_aranges
                0x00000300       0x20 ./lib\libc.a(lib_a-nano-vfscanf.o)
 .debug_aranges
                0x00000320       0x20 ./lib\libc.a(lib_a-nano-vfscanf_i.o)
 .debug_aranges
                0x00000340       0x20 ./lib\libc.a(lib_a-refill.o)
 .debug_aranges
                0x00000360       0x20 ./lib\libc.a(lib_a-sbrkr.o)
 .debug_aranges
                0x00000380       0x20 ./lib\libc.a(lib_a-sccl.o)
 .debug_aranges
                0x000003a0       0x20 ./lib\libc.a(lib_a-stdio.o)
 .debug_aranges
                0x000003c0       0x20 ./lib\libc.a(lib_a-strtol.o)
 .debug_aranges
                0x000003e0       0x20 ./lib\libc.a(lib_a-strtoul.o)
 .debug_aranges
                0x00000400       0x20 ./lib\libc.a(lib_a-ungetc.o)
 .debug_aranges
                0x00000420       0x20 ./lib\libc.a(lib_a-wbuf.o)
 .debug_aranges
                0x00000440       0x20 ./lib\libc.a(lib_a-writer.o)
 .debug_aranges
                0x00000460       0x20 ./lib\libc.a(lib_a-wsetup.o)
 .debug_aranges
                0x00000480       0x20 ./lib\libc.a(lib_a-closer.o)
 .debug_aranges
                0x000004a0       0x20 ./lib\libc.a(lib_a-fclose.o)
 .debug_aranges
                0x000004c0       0x20 ./lib\libc.a(lib_a-fflush.o)
 .debug_aranges
                0x000004e0       0x20 ./lib\libc.a(lib_a-fputwc.o)
 .debug_aranges
                0x00000500       0x20 ./lib\libc.a(lib_a-locale.o)
 .debug_aranges
                0x00000520       0x20 ./lib\libc.a(lib_a-lseekr.o)
 .debug_aranges
                0x00000540       0x20 ./lib\libc.a(lib_a-makebuf.o)
 .debug_aranges
                0x00000560       0x20 ./lib\libc.a(lib_a-mbtowc_r.o)
 .debug_aranges
                0x00000580       0x20 ./lib\libc.a(lib_a-mlock.o)
 .debug_aranges
                0x000005a0       0x20 ./lib\libc.a(lib_a-nano-msizer.o)
 .debug_aranges
                0x000005c0       0x20 ./lib\libc.a(lib_a-readr.o)
 .debug_aranges
                0x000005e0       0x20 ./lib\libc.a(lib_a-reent.o)
 .debug_aranges
                0x00000600       0x20 ./lib\libc.a(lib_a-strcmp.o)
 .debug_aranges
                0x00000620       0x20 ./lib\libc.a(lib_a-wcrtomb.o)
 .debug_aranges
                0x00000640       0x20 ./lib\libc.a(lib_a-wctomb_r.o)
 .debug_aranges
                0x00000660       0x18 ./lib\libc.a(lib_a-ctype_.o)
 .debug_aranges
                0x00000678       0x20 ./lib\libc.a(lib_a-fstatr.o)
 .debug_aranges
                0x00000698       0x20 ./lib\libc.a(lib_a-isattyr.o)
 .debug_aranges
                0x000006b8       0x20 ./lib\libc.a(lib_a-errno.o)

.debug_line     0x00000000     0x65da
 .debug_line    0x00000000      0x2e9 ./main.o
 .debug_line    0x000002e9      0x286 ./retarget.o
 .debug_line    0x0000056f      0x211 ./secureattrib.o
 .debug_line    0x00000780      0x17a ./system_tc8234.o
 .debug_line    0x000008fa       0x6e startup.o
 .debug_line    0x00000968      0x113 ./lib\libc.a(lib_a-impure.o)
 .debug_line    0x00000a7b      0x1a1 ./lib\libc.a(lib_a-printf.o)
 .debug_line    0x00000c1c      0x1c7 ./lib\libc.a(lib_a-puts.o)
 .debug_line    0x00000de3      0x19b ./lib\libc.a(lib_a-rget.o)
 .debug_line    0x00000f7e      0x1a4 ./lib\libc.a(lib_a-scanf.o)
 .debug_line    0x00001122       0xba ./lib\libc.a(lib_a-strcpy.o)
 .debug_line    0x000011dc      0x12f ./lib\libc.a(lib_a-strlen-stub.o)
 .debug_line    0x0000130b      0x286 ./lib\libc.a(lib_a-findfp.o)
 .debug_line    0x00001591      0x2bf ./lib\libc.a(lib_a-fvwrite.o)
 .debug_line    0x00001850      0x1b8 ./lib\libc.a(lib_a-fwalk.o)
 .debug_line    0x00001a08      0x144 ./lib\libc.a(lib_a-memchr-stub.o)
 .debug_line    0x00001b4c      0x146 ./lib\libc.a(lib_a-memcpy-stub.o)
 .debug_line    0x00001c92      0x1f6 ./lib\libc.a(lib_a-memmove.o)
 .debug_line    0x00001e88      0x1ec ./lib\libc.a(lib_a-memset.o)
 .debug_line    0x00002074      0x181 ./lib\libc.a(lib_a-nano-freer.o)
 .debug_line    0x000021f5      0x1db ./lib\libc.a(lib_a-nano-mallocr.o)
 .debug_line    0x000023d0      0x195 ./lib\libc.a(lib_a-nano-reallocr.o)
 .debug_line    0x00002565      0x380 ./lib\libc.a(lib_a-nano-vfprintf.o)
 .debug_line    0x000028e5      0x3a6 ./lib\libc.a(lib_a-nano-vfprintf_i.o)
 .debug_line    0x00002c8b      0x31d ./lib\libc.a(lib_a-nano-vfscanf.o)
 .debug_line    0x00002fa8      0x3a2 ./lib\libc.a(lib_a-nano-vfscanf_i.o)
 .debug_line    0x0000334a      0x20c ./lib\libc.a(lib_a-refill.o)
 .debug_line    0x00003556      0x183 ./lib\libc.a(lib_a-sbrkr.o)
 .debug_line    0x000036d9       0xf7 ./lib\libc.a(lib_a-sccl.o)
 .debug_line    0x000037d0      0x1b8 ./lib\libc.a(lib_a-stdio.o)
 .debug_line    0x00003988      0x259 ./lib\libc.a(lib_a-strtol.o)
 .debug_line    0x00003be1      0x262 ./lib\libc.a(lib_a-strtoul.o)
 .debug_line    0x00003e43      0x21f ./lib\libc.a(lib_a-ungetc.o)
 .debug_line    0x00004062      0x1e7 ./lib\libc.a(lib_a-wbuf.o)
 .debug_line    0x00004249      0x180 ./lib\libc.a(lib_a-writer.o)
 .debug_line    0x000043c9      0x1fa ./lib\libc.a(lib_a-wsetup.o)
 .debug_line    0x000045c3      0x184 ./lib\libc.a(lib_a-closer.o)
 .debug_line    0x00004747      0x1bf ./lib\libc.a(lib_a-fclose.o)
 .debug_line    0x00004906      0x258 ./lib\libc.a(lib_a-fflush.o)
 .debug_line    0x00004b5e      0x1f6 ./lib\libc.a(lib_a-fputwc.o)
 .debug_line    0x00004d54      0x20b ./lib\libc.a(lib_a-locale.o)
 .debug_line    0x00004f5f      0x180 ./lib\libc.a(lib_a-lseekr.o)
 .debug_line    0x000050df      0x26b ./lib\libc.a(lib_a-makebuf.o)
 .debug_line    0x0000534a      0x1fe ./lib\libc.a(lib_a-mbtowc_r.o)
 .debug_line    0x00005548      0x123 ./lib\libc.a(lib_a-mlock.o)
 .debug_line    0x0000566b      0x131 ./lib\libc.a(lib_a-nano-msizer.o)
 .debug_line    0x0000579c      0x17f ./lib\libc.a(lib_a-readr.o)
 .debug_line    0x0000591b      0x1ae ./lib\libc.a(lib_a-reent.o)
 .debug_line    0x00005ac9       0xa9 ./lib\libc.a(lib_a-strcmp.o)
 .debug_line    0x00005b72      0x238 ./lib\libc.a(lib_a-wcrtomb.o)
 .debug_line    0x00005daa      0x1ea ./lib\libc.a(lib_a-wctomb_r.o)
 .debug_line    0x00005f94      0x185 ./lib\libc.a(lib_a-ctype_.o)
 .debug_line    0x00006119      0x20c ./lib\libc.a(lib_a-fstatr.o)
 .debug_line    0x00006325      0x185 ./lib\libc.a(lib_a-isattyr.o)
 .debug_line    0x000064aa      0x130 ./lib\libc.a(lib_a-errno.o)

.debug_str      0x00000000     0x2410
 .debug_str     0x00000000      0xa5b ./main.o
                                0xb82 (size before relaxing)
 .debug_str     0x00000a5b       0x97 ./retarget.o
                                0x601 (size before relaxing)
 .debug_str     0x00000af2       0xff ./secureattrib.o
                                0x2d0 (size before relaxing)
 .debug_str     0x00000bf1       0xe8 ./system_tc8234.o
                                0x411 (size before relaxing)
 .debug_str     0x00000cd9      0x1a2 ./lib\libc.a(lib_a-impure.o)
                                0x56a (size before relaxing)
 .debug_str     0x00000e7b       0xa1 ./lib\libc.a(lib_a-printf.o)
                                0x58e (size before relaxing)
 .debug_str     0x00000f1c       0x9a ./lib\libc.a(lib_a-puts.o)
                                0x5d1 (size before relaxing)
 .debug_str     0x00000fb6       0x3e ./lib\libc.a(lib_a-rget.o)
                                0x584 (size before relaxing)
 .debug_str     0x00000ff4       0x3f ./lib\libc.a(lib_a-scanf.o)
                                0x590 (size before relaxing)
 .debug_str     0x00001033       0x7c ./lib\libc.a(lib_a-strcpy.o)
                                0x1b6 (size before relaxing)
 .debug_str     0x000010af       0x47 ./lib\libc.a(lib_a-strlen-stub.o)
                                0x1d5 (size before relaxing)
 .debug_str     0x000010f6       0x8a ./lib\libc.a(lib_a-findfp.o)
                                0x5db (size before relaxing)
 .debug_str     0x00001180       0x8a ./lib\libc.a(lib_a-fvwrite.o)
                                0x5fc (size before relaxing)
 .debug_str     0x0000120a       0x41 ./lib\libc.a(lib_a-fwalk.o)
                                0x56f (size before relaxing)
 .debug_str     0x0000124b       0x54 ./lib\libc.a(lib_a-memchr-stub.o)
                                0x1dc (size before relaxing)
 .debug_str     0x0000129f       0x61 ./lib\libc.a(lib_a-memcpy-stub.o)
                                0x1e9 (size before relaxing)
 .debug_str     0x00001300      0x2b6 ./lib\libc.a(lib_a-memmove.o)
                                0x886 (size before relaxing)
 .debug_str     0x000015b6       0x34 ./lib\libc.a(lib_a-memset.o)
                                0x867 (size before relaxing)
 .debug_str     0x000015ea       0xef ./lib\libc.a(lib_a-nano-freer.o)
                                0x5e0 (size before relaxing)
 .debug_str     0x000016d9       0x46 ./lib\libc.a(lib_a-nano-mallocr.o)
                                0x60b (size before relaxing)
 .debug_str     0x0000171f       0x23 ./lib\libc.a(lib_a-nano-reallocr.o)
                                0x5ca (size before relaxing)
 .debug_str     0x00001742      0x18e ./lib\libc.a(lib_a-nano-vfprintf.o)
                                0x9f6 (size before relaxing)
 .debug_str     0x000018d0       0x8d ./lib\libc.a(lib_a-nano-vfprintf_i.o)
                                0x972 (size before relaxing)
 .debug_str     0x0000195d      0x107 ./lib\libc.a(lib_a-nano-vfscanf.o)
                                0x9b6 (size before relaxing)
 .debug_str     0x00001a64       0x7a ./lib\libc.a(lib_a-nano-vfscanf_i.o)
                                0x96c (size before relaxing)
 .debug_str     0x00001ade       0x5d ./lib\libc.a(lib_a-refill.o)
                                0x5c5 (size before relaxing)
 .debug_str     0x00001b3b       0x40 ./lib\libc.a(lib_a-sbrkr.o)
                                0x561 (size before relaxing)
 .debug_str     0x00001b7b       0x3a ./lib\libc.a(lib_a-sccl.o)
                                0x1b5 (size before relaxing)
 .debug_str     0x00001bb5       0x8b ./lib\libc.a(lib_a-stdio.o)
                                0x5be (size before relaxing)
 .debug_str     0x00001c40       0xa0 ./lib\libc.a(lib_a-strtol.o)
                                0x8db (size before relaxing)
 .debug_str     0x00001ce0       0x4c ./lib\libc.a(lib_a-strtoul.o)
                                0x8e0 (size before relaxing)
 .debug_str     0x00001d2c       0x40 ./lib\libc.a(lib_a-ungetc.o)
                                0x5b5 (size before relaxing)
 .debug_str     0x00001d6c       0x32 ./lib\libc.a(lib_a-wbuf.o)
                                0x58e (size before relaxing)
 .debug_str     0x00001d9e       0x2c ./lib\libc.a(lib_a-writer.o)
                                0x55e (size before relaxing)
 .debug_str     0x00001dca       0x2c ./lib\libc.a(lib_a-wsetup.o)
                                0x589 (size before relaxing)
 .debug_str     0x00001df6       0x2c ./lib\libc.a(lib_a-closer.o)
                                0x54e (size before relaxing)
 .debug_str     0x00001e22       0x3d ./lib\libc.a(lib_a-fclose.o)
                                0x591 (size before relaxing)
 .debug_str     0x00001e5f       0x3d ./lib\libc.a(lib_a-fflush.o)
                                0x5ca (size before relaxing)
 .debug_str     0x00001e9c       0x5e ./lib\libc.a(lib_a-fputwc.o)
                                0x5cf (size before relaxing)
 .debug_str     0x00001efa       0xaa ./lib\libc.a(lib_a-locale.o)
                                0x8f3 (size before relaxing)
 .debug_str     0x00001fa4       0x33 ./lib\libc.a(lib_a-lseekr.o)
                                0x55c (size before relaxing)
 .debug_str     0x00001fd7      0x153 ./lib\libc.a(lib_a-makebuf.o)
                                0x6e4 (size before relaxing)
 .debug_str     0x0000212a       0x4e ./lib\libc.a(lib_a-mbtowc_r.o)
                                0x8aa (size before relaxing)
 .debug_str     0x00002178       0x2c ./lib\libc.a(lib_a-mlock.o)
                                0x550 (size before relaxing)
 .debug_str     0x000021a4        0xf ./lib\libc.a(lib_a-nano-msizer.o)
                                0x5a8 (size before relaxing)
 .debug_str     0x000021b3       0x2b ./lib\libc.a(lib_a-readr.o)
                                0x55c (size before relaxing)
 .debug_str     0x000021de       0x57 ./lib\libc.a(lib_a-reent.o)
                                0x589 (size before relaxing)
 .debug_str     0x00002235       0x3d ./lib\libc.a(lib_a-wcrtomb.o)
                                0x896 (size before relaxing)
 .debug_str     0x00002272       0x4f ./lib\libc.a(lib_a-wctomb_r.o)
                                0x8a3 (size before relaxing)
 .debug_str     0x000022c1       0x6d ./lib\libc.a(lib_a-ctype_.o)
                                0x852 (size before relaxing)
 .debug_str     0x0000232e       0x39 ./lib\libc.a(lib_a-fstatr.o)
                                0x699 (size before relaxing)
 .debug_str     0x00002367       0x35 ./lib\libc.a(lib_a-isattyr.o)
                                0x558 (size before relaxing)
 .debug_str     0x0000239c       0x74 ./lib\libc.a(lib_a-errno.o)
                                0x552 (size before relaxing)

.comment        0x00000000       0x6e
 .comment       0x00000000       0x6e ./main.o
                                 0x6f (size before relaxing)
 .comment       0x0000006e       0x6f ./retarget.o
 .comment       0x0000006e       0x6f ./secureattrib.o
 .comment       0x0000006e       0x6f ./system_tc8234.o
 .comment       0x0000006e       0x6f ./lib\libc.a(lib_a-impure.o)
 .comment       0x0000006e       0x6f ./lib\libc.a(lib_a-printf.o)
 .comment       0x0000006e       0x6f ./lib\libc.a(lib_a-puts.o)
 .comment       0x0000006e       0x6f ./lib\libc.a(lib_a-rget.o)
 .comment       0x0000006e       0x6f ./lib\libc.a(lib_a-scanf.o)
 .comment       0x0000006e       0x6f ./lib\libc.a(lib_a-strcpy.o)
 .comment       0x0000006e       0x6f ./lib\libc.a(lib_a-strlen-stub.o)
 .comment       0x0000006e       0x6f ./lib\libc.a(lib_a-findfp.o)
 .comment       0x0000006e       0x6f ./lib\libc.a(lib_a-fvwrite.o)
 .comment       0x0000006e       0x6f ./lib\libc.a(lib_a-fwalk.o)
 .comment       0x0000006e       0x6f ./lib\libc.a(lib_a-memchr-stub.o)
 .comment       0x0000006e       0x6f ./lib\libc.a(lib_a-memcpy-stub.o)
 .comment       0x0000006e       0x6f ./lib\libc.a(lib_a-memmove.o)
 .comment       0x0000006e       0x6f ./lib\libc.a(lib_a-memset.o)
 .comment       0x0000006e       0x6f ./lib\libc.a(lib_a-nano-freer.o)
 .comment       0x0000006e       0x6f ./lib\libc.a(lib_a-nano-mallocr.o)
 .comment       0x0000006e       0x6f ./lib\libc.a(lib_a-nano-reallocr.o)
 .comment       0x0000006e       0x6f ./lib\libc.a(lib_a-nano-vfprintf.o)
 .comment       0x0000006e       0x6f ./lib\libc.a(lib_a-nano-vfprintf_i.o)
 .comment       0x0000006e       0x6f ./lib\libc.a(lib_a-nano-vfscanf.o)
 .comment       0x0000006e       0x6f ./lib\libc.a(lib_a-nano-vfscanf_i.o)
 .comment       0x0000006e       0x6f ./lib\libc.a(lib_a-refill.o)
 .comment       0x0000006e       0x6f ./lib\libc.a(lib_a-sbrkr.o)
 .comment       0x0000006e       0x6f ./lib\libc.a(lib_a-sccl.o)
 .comment       0x0000006e       0x6f ./lib\libc.a(lib_a-stdio.o)
 .comment       0x0000006e       0x6f ./lib\libc.a(lib_a-strtol.o)
 .comment       0x0000006e       0x6f ./lib\libc.a(lib_a-strtoul.o)
 .comment       0x0000006e       0x6f ./lib\libc.a(lib_a-ungetc.o)
 .comment       0x0000006e       0x6f ./lib\libc.a(lib_a-wbuf.o)
 .comment       0x0000006e       0x6f ./lib\libc.a(lib_a-writer.o)
 .comment       0x0000006e       0x6f ./lib\libc.a(lib_a-wsetup.o)
 .comment       0x0000006e       0x6f ./lib\libc.a(lib_a-closer.o)
 .comment       0x0000006e       0x6f ./lib\libc.a(lib_a-fclose.o)
 .comment       0x0000006e       0x6f ./lib\libc.a(lib_a-fflush.o)
 .comment       0x0000006e       0x6f ./lib\libc.a(lib_a-fputwc.o)
 .comment       0x0000006e       0x6f ./lib\libc.a(lib_a-locale.o)
 .comment       0x0000006e       0x6f ./lib\libc.a(lib_a-lseekr.o)
 .comment       0x0000006e       0x6f ./lib\libc.a(lib_a-makebuf.o)
 .comment       0x0000006e       0x6f ./lib\libc.a(lib_a-mbtowc_r.o)
 .comment       0x0000006e       0x6f ./lib\libc.a(lib_a-mlock.o)
 .comment       0x0000006e       0x6f ./lib\libc.a(lib_a-nano-msizer.o)
 .comment       0x0000006e       0x6f ./lib\libc.a(lib_a-readr.o)
 .comment       0x0000006e       0x6f ./lib\libc.a(lib_a-reent.o)
 .comment       0x0000006e       0x6f ./lib\libc.a(lib_a-wcrtomb.o)
 .comment       0x0000006e       0x6f ./lib\libc.a(lib_a-wctomb_r.o)
 .comment       0x0000006e       0x6f ./lib\libc.a(lib_a-ctype_.o)
 .comment       0x0000006e       0x6f ./lib\libc.a(lib_a-fstatr.o)
 .comment       0x0000006e       0x6f ./lib\libc.a(lib_a-isattyr.o)
 .comment       0x0000006e       0x6f ./lib\libc.a(lib_a-errno.o)

.ARM.attributes
                0x00000000       0x2e
 .ARM.attributes
                0x00000000       0x30 ./main.o
 .ARM.attributes
                0x00000030       0x30 ./retarget.o
 .ARM.attributes
                0x00000060       0x30 ./secureattrib.o
 .ARM.attributes
                0x00000090       0x30 ./system_tc8234.o
 .ARM.attributes
                0x000000c0       0x20 startup.o
 .ARM.attributes
                0x000000e0       0x20 ./lib\libgcc.a(cmse_nonsecure_call.o)
 .ARM.attributes
                0x00000100       0x30 ./lib\libc.a(lib_a-impure.o)
 .ARM.attributes
                0x00000130       0x30 ./lib\libc.a(lib_a-printf.o)
 .ARM.attributes
                0x00000160       0x30 ./lib\libc.a(lib_a-puts.o)
 .ARM.attributes
                0x00000190       0x30 ./lib\libc.a(lib_a-rget.o)
 .ARM.attributes
                0x000001c0       0x30 ./lib\libc.a(lib_a-scanf.o)
 .ARM.attributes
                0x000001f0       0x30 ./lib\libc.a(lib_a-strcpy.o)
 .ARM.attributes
                0x00000220       0x30 ./lib\libc.a(lib_a-strlen-stub.o)
 .ARM.attributes
                0x00000250       0x30 ./lib\libc.a(lib_a-findfp.o)
 .ARM.attributes
                0x00000280       0x30 ./lib\libc.a(lib_a-fvwrite.o)
 .ARM.attributes
                0x000002b0       0x30 ./lib\libc.a(lib_a-fwalk.o)
 .ARM.attributes
                0x000002e0       0x30 ./lib\libc.a(lib_a-memchr-stub.o)
 .ARM.attributes
                0x00000310       0x30 ./lib\libc.a(lib_a-memcpy-stub.o)
 .ARM.attributes
                0x00000340       0x30 ./lib\libc.a(lib_a-memmove.o)
 .ARM.attributes
                0x00000370       0x30 ./lib\libc.a(lib_a-memset.o)
 .ARM.attributes
                0x000003a0       0x30 ./lib\libc.a(lib_a-nano-freer.o)
 .ARM.attributes
                0x000003d0       0x30 ./lib\libc.a(lib_a-nano-mallocr.o)
 .ARM.attributes
                0x00000400       0x30 ./lib\libc.a(lib_a-nano-reallocr.o)
 .ARM.attributes
                0x00000430       0x30 ./lib\libc.a(lib_a-nano-vfprintf.o)
 .ARM.attributes
                0x00000460       0x30 ./lib\libc.a(lib_a-nano-vfprintf_i.o)
 .ARM.attributes
                0x00000490       0x30 ./lib\libc.a(lib_a-nano-vfscanf.o)
 .ARM.attributes
                0x000004c0       0x30 ./lib\libc.a(lib_a-nano-vfscanf_i.o)
 .ARM.attributes
                0x000004f0       0x30 ./lib\libc.a(lib_a-refill.o)
 .ARM.attributes
                0x00000520       0x30 ./lib\libc.a(lib_a-sbrkr.o)
 .ARM.attributes
                0x00000550       0x30 ./lib\libc.a(lib_a-sccl.o)
 .ARM.attributes
                0x00000580       0x30 ./lib\libc.a(lib_a-stdio.o)
 .ARM.attributes
                0x000005b0       0x30 ./lib\libc.a(lib_a-strtol.o)
 .ARM.attributes
                0x000005e0       0x30 ./lib\libc.a(lib_a-strtoul.o)
 .ARM.attributes
                0x00000610       0x30 ./lib\libc.a(lib_a-ungetc.o)
 .ARM.attributes
                0x00000640       0x30 ./lib\libc.a(lib_a-wbuf.o)
 .ARM.attributes
                0x00000670       0x30 ./lib\libc.a(lib_a-writer.o)
 .ARM.attributes
                0x000006a0       0x30 ./lib\libc.a(lib_a-wsetup.o)
 .ARM.attributes
                0x000006d0       0x30 ./lib\libc.a(lib_a-closer.o)
 .ARM.attributes
                0x00000700       0x30 ./lib\libc.a(lib_a-fclose.o)
 .ARM.attributes
                0x00000730       0x30 ./lib\libc.a(lib_a-fflush.o)
 .ARM.attributes
                0x00000760       0x30 ./lib\libc.a(lib_a-fputwc.o)
 .ARM.attributes
                0x00000790       0x30 ./lib\libc.a(lib_a-locale.o)
 .ARM.attributes
                0x000007c0       0x30 ./lib\libc.a(lib_a-lseekr.o)
 .ARM.attributes
                0x000007f0       0x30 ./lib\libc.a(lib_a-makebuf.o)
 .ARM.attributes
                0x00000820       0x30 ./lib\libc.a(lib_a-mbtowc_r.o)
 .ARM.attributes
                0x00000850       0x30 ./lib\libc.a(lib_a-mlock.o)
 .ARM.attributes
                0x00000880       0x30 ./lib\libc.a(lib_a-nano-msizer.o)
 .ARM.attributes
                0x000008b0       0x30 ./lib\libc.a(lib_a-readr.o)
 .ARM.attributes
                0x000008e0       0x30 ./lib\libc.a(lib_a-reent.o)
 .ARM.attributes
                0x00000910       0x1b ./lib\libc.a(lib_a-strcmp.o)
 .ARM.attributes
                0x0000092b       0x30 ./lib\libc.a(lib_a-wcrtomb.o)
 .ARM.attributes
                0x0000095b       0x30 ./lib\libc.a(lib_a-wctomb_r.o)
 .ARM.attributes
                0x0000098b       0x30 ./lib\libc.a(lib_a-ctype_.o)
 .ARM.attributes
                0x000009bb       0x30 ./lib\libc.a(lib_a-fstatr.o)
 .ARM.attributes
                0x000009eb       0x30 ./lib\libc.a(lib_a-isattyr.o)
 .ARM.attributes
                0x00000a1b       0x30 ./lib\librdimon_nano.a(rdimon-syscalls.o)
 .ARM.attributes
                0x00000a4b       0x30 ./lib\libc.a(lib_a-errno.o)

.debug_frame    0x00000000     0x134c
 .debug_frame   0x00000000       0xf0 ./main.o
 .debug_frame   0x000000f0      0x118 ./retarget.o
 .debug_frame   0x00000208       0x44 ./secureattrib.o
 .debug_frame   0x0000024c       0x3c ./system_tc8234.o
 .debug_frame   0x00000288       0x48 ./lib\libc.a(lib_a-printf.o)
 .debug_frame   0x000002d0       0x44 ./lib\libc.a(lib_a-puts.o)
 .debug_frame   0x00000314       0x44 ./lib\libc.a(lib_a-rget.o)
 .debug_frame   0x00000358       0x48 ./lib\libc.a(lib_a-scanf.o)
 .debug_frame   0x000003a0       0x20 ./lib\libc.a(lib_a-strcpy.o)
 .debug_frame   0x000003c0       0x28 ./lib\libc.a(lib_a-strlen-stub.o)
 .debug_frame   0x000003e8       0xbc ./lib\libc.a(lib_a-findfp.o)
 .debug_frame   0x000004a4       0x3c ./lib\libc.a(lib_a-fvwrite.o)
 .debug_frame   0x000004e0       0x5c ./lib\libc.a(lib_a-fwalk.o)
 .debug_frame   0x0000053c       0x2c ./lib\libc.a(lib_a-memchr-stub.o)
 .debug_frame   0x00000568       0x2c ./lib\libc.a(lib_a-memcpy-stub.o)
 .debug_frame   0x00000594       0x2c ./lib\libc.a(lib_a-memmove.o)
 .debug_frame   0x000005c0       0x2c ./lib\libc.a(lib_a-memset.o)
 .debug_frame   0x000005ec       0x2c ./lib\libc.a(lib_a-nano-freer.o)
 .debug_frame   0x00000618       0x30 ./lib\libc.a(lib_a-nano-mallocr.o)
 .debug_frame   0x00000648       0x30 ./lib\libc.a(lib_a-nano-reallocr.o)
 .debug_frame   0x00000678       0xb4 ./lib\libc.a(lib_a-nano-vfprintf.o)
 .debug_frame   0x0000072c       0x60 ./lib\libc.a(lib_a-nano-vfprintf_i.o)
 .debug_frame   0x0000078c       0x94 ./lib\libc.a(lib_a-nano-vfscanf.o)
 .debug_frame   0x00000820       0x68 ./lib\libc.a(lib_a-nano-vfscanf_i.o)
 .debug_frame   0x00000888       0x48 ./lib\libc.a(lib_a-refill.o)
 .debug_frame   0x000008d0       0x2c ./lib\libc.a(lib_a-sbrkr.o)
 .debug_frame   0x000008fc       0x2c ./lib\libc.a(lib_a-sccl.o)
 .debug_frame   0x00000928       0x90 ./lib\libc.a(lib_a-stdio.o)
 .debug_frame   0x000009b8       0x90 ./lib\libc.a(lib_a-strtol.o)
 .debug_frame   0x00000a48       0x90 ./lib\libc.a(lib_a-strtoul.o)
 .debug_frame   0x00000ad8       0x6c ./lib\libc.a(lib_a-ungetc.o)
 .debug_frame   0x00000b44       0x48 ./lib\libc.a(lib_a-wbuf.o)
 .debug_frame   0x00000b8c       0x2c ./lib\libc.a(lib_a-writer.o)
 .debug_frame   0x00000bb8       0x2c ./lib\libc.a(lib_a-wsetup.o)
 .debug_frame   0x00000be4       0x2c ./lib\libc.a(lib_a-closer.o)
 .debug_frame   0x00000c10       0x44 ./lib\libc.a(lib_a-fclose.o)
 .debug_frame   0x00000c54       0x68 ./lib\libc.a(lib_a-fflush.o)
 .debug_frame   0x00000cbc       0x70 ./lib\libc.a(lib_a-fputwc.o)
 .debug_frame   0x00000d2c       0x74 ./lib\libc.a(lib_a-locale.o)
 .debug_frame   0x00000da0       0x2c ./lib\libc.a(lib_a-lseekr.o)
 .debug_frame   0x00000dcc       0x50 ./lib\libc.a(lib_a-makebuf.o)
 .debug_frame   0x00000e1c       0x40 ./lib\libc.a(lib_a-mbtowc_r.o)
 .debug_frame   0x00000e5c       0x30 ./lib\libc.a(lib_a-mlock.o)
 .debug_frame   0x00000e8c       0x20 ./lib\libc.a(lib_a-nano-msizer.o)
 .debug_frame   0x00000eac       0x2c ./lib\libc.a(lib_a-readr.o)
 .debug_frame   0x00000ed8       0x48 ./lib\libc.a(lib_a-reent.o)
 .debug_frame   0x00000f20       0x20 ./lib\libc.a(lib_a-strcmp.o)
 .debug_frame   0x00000f40       0x50 ./lib\libc.a(lib_a-wcrtomb.o)
 .debug_frame   0x00000f90       0x3c ./lib\libc.a(lib_a-wctomb_r.o)
 .debug_frame   0x00000fcc       0x2c ./lib\libc.a(lib_a-fstatr.o)
 .debug_frame   0x00000ff8       0x2c ./lib\libc.a(lib_a-isattyr.o)
 .debug_frame   0x00001024      0x308 ./lib\librdimon_nano.a(rdimon-syscalls.o)
 .debug_frame   0x0000132c       0x20 ./lib\libc.a(lib_a-errno.o)

.debug_ranges   0x00000000      0x590
 .debug_ranges  0x00000000       0x20 startup.o
 .debug_ranges  0x00000020       0x20 ./lib\libc.a(lib_a-puts.o)
 .debug_ranges  0x00000040       0x18 ./lib\libc.a(lib_a-rget.o)
 .debug_ranges  0x00000058       0x10 ./lib\libc.a(lib_a-strcpy.o)
 .debug_ranges  0x00000068       0x58 ./lib\libc.a(lib_a-findfp.o)
 .debug_ranges  0x000000c0       0x20 ./lib\libc.a(lib_a-fvwrite.o)
 .debug_ranges  0x000000e0       0x30 ./lib\libc.a(lib_a-nano-freer.o)
 .debug_ranges  0x00000110       0x40 ./lib\libc.a(lib_a-nano-mallocr.o)
 .debug_ranges  0x00000150       0x30 ./lib\libc.a(lib_a-nano-vfprintf.o)
 .debug_ranges  0x00000180       0xb8 ./lib\libc.a(lib_a-nano-vfprintf_i.o)
 .debug_ranges  0x00000238       0x28 ./lib\libc.a(lib_a-nano-vfscanf.o)
 .debug_ranges  0x00000260       0x18 ./lib\libc.a(lib_a-refill.o)
 .debug_ranges  0x00000278       0x10 ./lib\libc.a(lib_a-sccl.o)
 .debug_ranges  0x00000288       0x38 ./lib\libc.a(lib_a-strtol.o)
 .debug_ranges  0x000002c0       0x38 ./lib\libc.a(lib_a-strtoul.o)
 .debug_ranges  0x000002f8       0x18 ./lib\libc.a(lib_a-ungetc.o)
 .debug_ranges  0x00000310       0x18 ./lib\libc.a(lib_a-wbuf.o)
 .debug_ranges  0x00000328       0x18 ./lib\libc.a(lib_a-writer.o)
 .debug_ranges  0x00000340       0x28 ./lib\libc.a(lib_a-wsetup.o)
 .debug_ranges  0x00000368       0x20 ./lib\libc.a(lib_a-closer.o)
 .debug_ranges  0x00000388       0x30 ./lib\libc.a(lib_a-fclose.o)
 .debug_ranges  0x000003b8       0x38 ./lib\libc.a(lib_a-fflush.o)
 .debug_ranges  0x000003f0       0x30 ./lib\libc.a(lib_a-fputwc.o)
 .debug_ranges  0x00000420       0x48 ./lib\libc.a(lib_a-locale.o)
 .debug_ranges  0x00000468       0x18 ./lib\libc.a(lib_a-lseekr.o)
 .debug_ranges  0x00000480       0x20 ./lib\libc.a(lib_a-mbtowc_r.o)
 .debug_ranges  0x000004a0       0x18 ./lib\libc.a(lib_a-readr.o)
 .debug_ranges  0x000004b8       0x80 ./lib\libc.a(lib_a-wcrtomb.o)
 .debug_ranges  0x00000538       0x18 ./lib\libc.a(lib_a-wctomb_r.o)
 .debug_ranges  0x00000550       0x20 ./lib\libc.a(lib_a-fstatr.o)
 .debug_ranges  0x00000570       0x20 ./lib\libc.a(lib_a-isattyr.o)
